
> computationally-random-choreography-page@0.1.0 test
> react-scripts test --coverage

FAIL src/App.test.js
  ● Test suite failed to run

    Your test suite must contain at least one test.

      at onResult (node_modules/@jest/core/build/TestScheduler.js:175:18)
      at node_modules/@jest/core/build/TestScheduler.js:316:17
      at node_modules/emittery/index.js:260:13
          at Array.map (<anonymous>)
      at Emittery.emit (node_modules/emittery/index.js:258:23)

---------------------|---------|----------|---------|---------|-------------------
File                 | % Stmts | % Branch | % Funcs | % Lines | Uncovered Line #s 
---------------------|---------|----------|---------|---------|-------------------
All files            |       0 |        0 |       0 |       0 |                   
 src                 |       0 |        0 |       0 |       0 |                   
  App.js             |       0 |      100 |       0 |       0 | 9                 
  index.js           |       0 |      100 |     100 |       0 | 7-17              
  reportWebVitals.js |       0 |        0 |       0 |       0 | 1-8               
 src/pages           |       0 |        0 |       0 |       0 |                   
  About.js           |       0 |      100 |       0 |       0 | 6-47              
  Home.js            |       0 |        0 |       0 |       0 | 6-36              
  Test.js            |       0 |        0 |       0 |       0 | 6-86              
  VideoFile.js       |       0 |        0 |       0 |       0 | 7-20              
---------------------|---------|----------|---------|---------|-------------------
Test Suites: 1 failed, 1 total
Tests:       0 total
Snapshots:   0 total
Time:        2.109 s
Ran all test suites.
